Statement for BigCo
  Hamlet: $6.50 (55 seats)
  As You Like It: $5.47 (35 seats)
  Othello: $4.56 (40 seats)
Amount owed is $16.53
You earned 47 credits
