<?xml version="1.0" encoding="utf-16"?>
<Statement customer="BigCo">
  <Performances>
    <Performance play="Hamlet" audience="55">
      <Amount>$6.50</Amount>
      <Credits>25</Credits>
    </Performance>
    <Performance play="As You Like It" audience="35">
      <Amount>$5.47</Amount>
      <Credits>12</Credits>
    </Performance>
    <Performance play="Othello" audience="40">
      <Amount>$4.56</Amount>
      <Credits>10</Credits>
    </Performance>
    <Performance play="Henry V" audience="20">
      <Amount>$7.05</Amount>
      <Credits>0</Credits>
    </Performance>
    <Performance play="King John" audience="39">
      <Amount>$9.32</Amount>
      <Credits>9</Credits>
    </Performance>
    <Performance play="Henry V" audience="20">
      <Amount>$7.05</Amount>
      <Credits>0</Credits>
    </Performance>
  </Performances>
  <TotalAmount>$39.95</TotalAmount>
  <TotalCredits>56</TotalCredits>
</Statement>